crystal@ishitas-air CONVERTING % git initInitialized empty Git repository in /Users/crystal/Desktop/CONVERTING/.git/crystal@ishitas-air CONVERTING % git config user.name "Hla Myint Myat"crystal@ishitas-air CONVERTING % git config user.email "hmyat1@myseneca.ca"crystal@ishitas-air CONVERTING % git statusOn branch mainNo commits yetUntracked files:  (use "git add <file>..." to include in what will be committed)	CONVERTING(V1)+(V2).xlsx	CONVERTING(V1).xlsx	Version-2.txt	Version_1.txt	converting(V1)+(V2).c	converting.hnothing added to commit but untracked files present (use "git add" to track)crystal@ishitas-air CONVERTING % git add converting(V1)+(V2).czsh: no matches found: converting(V1)+(V2).ccrystal@ishitas-air CONVERTING % git add converting.c         crystal@ishitas-air CONVERTING % git statusOn branch mainNo commits yetChanges to be committed:  (use "git rm --cached <file>..." to unstage)	new file:   converting.cUntracked files:  (use "git add <file>..." to include in what will be committed)	CONVERTING(V1)+(V2).xlsx	CONVERTING(V1).xlsx	Version-2.txt	Version_1.txt	converting.hcrystal@ishitas-air CONVERTING % git commit -m "v1"[main (root-commit) d73ee66] v1 1 file changed, 68 insertions(+) create mode 100644 converting.ccrystal@ishitas-air CONVERTING % git logcommit d73ee66ab3115d1e692d25ff225c928b2e37a990 (HEAD -> main)Author: Hla Myint Myat <hmyat1@myseneca.ca>Date:   Wed Apr 12 13:26:44 2023 -0400    v1crystal@ishitas-air CONVERTING % git statusOn branch mainUntracked files:  (use "git add <file>..." to include in what will be committed)	CONVERTING(V1)+(V2).xlsx	CONVERTING(V1).xlsx	Version-2.txt	Version_1.txt	converting.hnothing added to commit but untracked files present (use "git add" to track)crystal@ishitas-air CONVERTING % git statusOn branch mainChanges not staged for commit:  (use "git add <file>..." to update what will be committed)  (use "git restore <file>..." to discard changes in working directory)	modified:   converting.cUntracked files:  (use "git add <file>..." to include in what will be committed)	CONVERTING(V1)+(V2).xlsx	CONVERTING(V1).xlsx	Version-2.txt	Version_1.txt	converting.h//V1crystal@ishitas-air CONVERTING % gcc converting.ccrystal@ishitas-air CONVERTING % ./a.out         *** Start of Converting Strings to int Demo ***Type an int numeric string (q - to quit): aaaaaaaaConverted number is 0Type an int numeric string (q - to quit): 123456Converted number is 123456Type an int numeric string (q - to quit): 1a2saw3Converted number is 1Type an int numeric string (q - to quit): !@#$%Converted number is 0Type an int numeric string (q - to quit): 666666Converted number is 666666Type an int numeric string (q - to quit): q*** End of Converting Strings to int Demo ***//V2*** Start of Converting Strings to double Demo ***Type the double numeric string (q - to quit): 11.1111Converted number is 11.111100Type the double numeric string (q - to quit): 51514Converted number is 51514.000000Type the double numeric string (q - to quit): 123abcConverted number is 123.000000Type the double numeric string (q - to quit): abc123Converted number is 0.000000Type the double numeric string (q - to quit): q*** End of Converting Strings to double Demo ***